[gennylib_test:job0_fixture_setup_0] 2021-02-03T10:37:54.569-0500 Starting the setup of MongoDFixture (Job #0).
[gennylib_test:job0_fixture_setup_0] 2021-02-03T10:37:54.578-0500 Waiting for MongoDFixture (Job #0) to be ready.
[gennylib_test:job0_fixture_setup_0] 2021-02-03T10:37:55.413-0500 Finished the setup of MongoDFixture (Job #0).
[gennylib_test:cast_core_test] 2021-02-03T10:37:55.415-0500 Fixture status:
+------------------+-----+-----+
|name              |port |pid  |
+------------------+-----+-----+
|MongoDFixture:job0|20000|48032|
+------------------+-----+-----+
[gennylib_test:cast_core_test] 2021-02-03T10:37:55.415-0500 Starting gennylib test build/src/cast_core/cast_core_test...
PATH=/Users/carlworley/mongodb/genny:/data/multiversion:/Users/carlworley/mongodb/genny/scripts/venv/bin:/Users/carlworley/mongodb/genny/build/mongo/bin:/Users/carlworley/mongodb/genny/build/mongo:/data/mci/gennytoolchain/downloads/tools/ninja-1.8.2-osx::/data/mci/gennytoolchain/downloads/tools/cmake-3.13.3-osx/cmake-3.13.3-Darwin-x86_64/CMake.app/Contents/bin:/opt/mongodbtoolchain/v3/bin:/Users/carlworley/mongodb/genny/scripts/venv/bin:/opt/mongodbtoolchain/v3/bin:/Users/carlworley/mongodb/mongo:/Users/carlworley/mongodb/genny/scripts/venv/bin:/Users/carlworley/.pyenv/shims:/Users/carlworley/.nvm/versions/node/v8.11.3/bin:/usr/local/opt/llvm/bin:/Users/carlworley/mongodb/genny/build/src/driver:/Users/carlworley/go/src/github.com/mongodb/curator:/usr/local/bin:/usr/bin:/bin:/usr/sbin:/sbin:/Users/carlworley/bin:/Users/carlworley/.nvm/versions/node/v8.11.3/bin:~/mongodb/mongo MONGO_CONNECTION_STRING=mongodb://localhost:20000 build/src/cast_core/cast_core_test --durations yes --rng-seed 12345 [standalone] CrudActor YAML Tests
[gennylib_test:cast_core_test] 2021-02-03T10:37:55.418-0500 gennylib test build/src/cast_core/cast_core_test started with pid 48035.
[gennylib_test:cast_core_test] 2021-02-03T10:37:56.178-0500 [2021-02-03 10:37:55.461096] [0x000000011b8e15c0] [error]   gonna make ah
[gennylib_test:cast_core_test] 2021-02-03T10:37:56.178-0500 [2021-02-03 10:37:55.462438] [0x000000011b8e15c0] [info]    Constructing pool with MongoURI 'mongodb://localhost:20000/?appName=Genny'
[gennylib_test:cast_core_test] 2021-02-03T10:37:56.178-0500 [2021-02-03 10:37:55.470740] [0x000000011b8e15c0] [error]   setting read preference
[gennylib_test:cast_core_test] 2021-02-03T10:37:56.178-0500 [2021-02-03 10:37:55.470771] [0x000000011b8e15c0] [error]   setting nearest
[gennylib_test:cast_core_test] 2021-02-03T10:37:56.178-0500 [2021-02-03 10:37:55.470884] [0x000000011b8e15c0] [error]   setting max staleness
[gennylib_test:cast_core_test] 2021-02-03T10:37:56.179-0500 [2021-02-03 10:37:55.471038] [0x000000011b8e15c0] [error]   made ah
[gennylib_test:cast_core_test] 2021-02-03T10:37:56.179-0500 [2021-02-03 10:37:55.472767] [0x000000011b8e15c0] [debug]   Beginning phase 0
[gennylib_test:cast_core_test] 2021-02-03T10:37:56.179-0500 [2021-02-03 10:37:55.472833] [0x000000011b8e15c0] [error]   estimating doc count
[gennylib_test:cast_core_test] 2021-02-03T10:37:56.179-0500 [2021-02-03 10:37:55.472857] [0x000000011b8e15c0] [error]   has read preference
[gennylib_test:cast_core_test] 2021-02-03T10:37:56.179-0500 [2021-02-03 10:37:55.472877] [0x000000011b8e15c0] [error]   has max staleness
[gennylib_test:cast_core_test] 2021-02-03T10:37:56.179-0500 [2021-02-03 10:37:55.475173] [0x000000011b8e15c0] [debug]   Ended phase 0
[gennylib_test:cast_core_test] 2021-02-03T10:37:56.179-0500 [2021-02-03 10:37:55.475199] [0x000000011b8e15c0] [error]   checking post state
[gennylib_test:cast_core_test] 2021-02-03T10:37:56.179-0500 [2021-02-03 10:37:55.475253] [0x000000011b8e15c0] [error]   command: { "count" : "test", "$db" : "mydb", "lsid" : { "id" : { "$binary" : "aX7X1s5BTrm/oqTZVnHheg==", "$type" : "04" } } }
[gennylib_test:cast_core_test] 2021-02-03T10:37:56.179-0500 [2021-02-03 10:37:55.475360] [0x000000011b8e15c0] [error]   succeeded run
[gennylib_test:cast_core_test] 2021-02-03T10:37:56.179-0500 0.719 s: estimatedDocumentCount can also specify ReadMode, MaxStaleness
[gennylib_test:cast_core_test] 2021-02-03T10:37:56.179-0500 0.724 s: CrudActor YAML Tests
[gennylib_test:cast_core_test] 2021-02-03T10:37:56.179-0500 ===============================================================================
[gennylib_test:cast_core_test] 2021-02-03T10:37:56.179-0500 test cases: 1 | 1 passed
[gennylib_test:cast_core_test] 2021-02-03T10:37:56.179-0500 assertions: - none -
[gennylib_test:cast_core_test] 2021-02-03T10:37:56.179-0500 
[gennylib_test:cast_core_test] 2021-02-03T10:37:56.181-0500 gennylib test build/src/cast_core/cast_core_test finished.
[gennylib_test:job0_fixture_teardown] 2021-02-03T10:37:56.182-0500 Fixture status:
+------------------+-----+-----+
|name              |port |pid  |
+------------------+-----+-----+
|MongoDFixture:job0|20000|48032|
+------------------+-----+-----+
[gennylib_test:job0_fixture_teardown] 2021-02-03T10:37:56.182-0500 Starting the teardown of MongoDFixture (Job #0).
[gennylib_test:job0_fixture_teardown] 2021-02-03T10:37:56.288-0500 Finished the teardown of MongoDFixture (Job #0).
